// Jest Snapshot v1, https://goo.gl/fbAQLP

exports[`page LeastList matches to snapshot 1`] = `ShallowWrapper {}`;
